﻿
> @figma/my-make-file@0.0.1 build
> vite build

[36mvite v6.3.5 [32mbuilding for production...[36m[39m
transforming...
[32mΓ£ô[39m 1781 modules transformed.
node.exe : [31mΓ£ù[39m 
Build failed in 2.31s
At C:\Program 
Files\nodejs\npm.ps1:29 
char:3
+   & $NODE_EXE $NPM_CLI_JS 
$args
+   
~~~~~~~~~~~~~~~~~~~~~~~~~~~~~
    + CategoryInfo           
   : NotSpecified: ([31mΓ£  
  ù[39m Build failed in 2   
 .31s:String) [], RemoteE    
xception
    + FullyQualifiedErrorId  
   : NativeCommandError
 
[31merror during build:
[31m[vite:esbuild] 
Transform failed with 1 
error:
C:/Users/atoba/Downloads/Righ
tech/src/app/components/retai
ler/OrdersTab.tsx:245:13: 
ERROR: Expected ";" but 
found "className"[31m
file: [36mC:/Users/atoba/Dow
nloads/Rightech/src/app/compo
nents/retailer/OrdersTab.tsx:
245:13[31m
[33m
[33mExpected ";" but found 
"className"[33m
243|  
244|          <div>Showing 4 
of 124 orders</div>
245|          <div 
className="flex items-center 
gap-1">
   |               ^
246|            <button 
className="px-3 py-1.5 
border border-[#ECEDEF] 
bg-white rounded-[8px] 
hover:bg-[#F3F4F6] 
disabled:opacity-50 transitio
n-colors">Previous</button>
247|            <button 
className="px-3 py-1.5 
border border-[#ECEDEF] 
bg-white rounded-[8px] 
hover:bg-[#F3F4F6] 
disabled:opacity-50 transitio
n-colors">Next</button>
[31m
    at failureErrorWithLog (C
:\Users\atoba\Downloads\Right
ech\node_modules\esbuild\lib\
main.js:1467:15)
    at C:\Users\atoba\Downloa
ds\Rightech\node_modules\esbu
ild\lib\main.js:736:50
    at 
responseCallbacks.<computed> 
(C:\Users\atoba\Downloads\Rig
htech\node_modules\esbuild\li
b\main.js:603:9)
    at handleIncomingPacket (
C:\Users\atoba\Downloads\Righ
tech\node_modules\esbuild\lib
\main.js:658:12)
    at Socket.readFromStdout 
(C:\Users\atoba\Downloads\Rig
htech\node_modules\esbuild\li
b\main.js:581:7)
    at Socket.emit 
(node:events:518:28)
    at addChunk (node:interna
l/streams/readable:561:12)
    at 
readableAddChunkPushByteMode 
(node:internal/streams/readab
le:512:3)
    at Readable.push (node:in
ternal/streams/readable:392:5
)
    at Pipe.onStreamRead (nod
e:internal/stream_base_common
s:189:23)[39m
